www
mail
remote
blog
webmail
server
ns1
ns2
smtp
secure
vpn
m
shop
ftp
mail2
test
portal
ns
ww1
host
support
dev
web
bbs
ww42
mx
email
cloud
1
mail1
2
forum
owa
www2
gw
admin
store
mx1
cdn
api
exchange
app
gov
2tty
vps
govyty
hgfgdf
news
1rer
lkjkui
hfgfgf
yty
lkljk
server1
zcvbnnn
dsasa
my
demo
tgrrre
home
wxsxc
static
tgtggb
staging
oilkjm
wqwqw
mkuu
iuyuy
rerew
iuyuyt
khjghg
qwqee
mx2
qwrer
mjurr
qwqwq
office
ssl
intranet
media
sip
mobile
wiki
autodiscover
login
en
beta
gateway
ns3
images
apps
citrix
baidu
mta
o1
mail3
wwww
img
start
info
stats
dns1
www1
new
router
dns
crm
dns2
web1
git
s1
de
connect
extranet
members
access
help
smtp2
stage
video
a
host2
fw
files
proxy
search
server2
online
smtp1
owncloud
moodle
us
mailhost
service
fr
3
www3
ns4
51
imap
s
pop
db
services
5
forums
old
host1
ts
4
es
svn
backup
srv
cp
srv1
helpdesk
gate
i
mail4
cn
48
correo
7
mx3
relay
web2
8
49
data
14
chat
mail01
69
qa
6
9
71
85
hosting
e
96
70
it
79
13
20
net
10
54
68
84
88
93
99
15
js
19
98
mailserver
11
91
77
site
66
ad
58
95
download
23
62
50
monitor
18
55
42
46
82
live
37
36
33
32
34
204
64
31
92
38
39
cms
27
21
17
mailgate
25
57
mdm
81
73
83
86
76
72
40
29
56
photos
78
59
24
53
16
docs
28
jira
94
ads
44
22
ca
61
89
63
67
30
65
47
go
26
60
43
74
community
b
cf-protected-www
52
image
sslvpn
web01
80
211
87
35
jobs
jp
41
hk
s2
97
75
152
cpanel
mx01
129
alpha
lists
d
clients
143
209
159
122
host3
142
216
107
174
blogs
153
139
212
222
172
c
210
119
library
151
134
da
135
155
assets
146
123
147
220
207
outlook
136
piwik
90
firewall
168
194
100
219
217
201
member
208
gitlab
108
213
157
121
202
128
156
195
gallery
206
141
218
249
45
newsletter
132
199
mx4
tw
177
223
0
248
140
166
186
182
wp
post
179
barracuda
180
auth
106
169
165
sharepoint
109
197
118
167
161
250
adfs
154
124
200
221
149
t
148
133
138
sp
187
sh
164
host5
billing
241
193
mail5
253
190
zimbra
sv
ru
sc
101
191
cf-protected
188
117
102
137
115
bj
wap
uat
144
fs
131
redmine
247
150
160
sso
175
196
127
host4
215
224
120
prod
230
246
126
244
173
cq
www5
231
114
client
234
170
192
229
252
242
gs
176
235
233
main
181
236
238
245
hn
254
out
232
s3
104
184
240
network
113
226
hi
origin
cs
analytics
projects
185
sn
ws
ci
mailer
rds
112
239
116
events
host6
205
125
uk
he
203
host7
voip
gd
mx5
webserver
training
178
fb
mta1
130
archive
pop3
237
mail02
227
host11
poczta
nas
reports
gx
vpn2
host10
legacy
f
broadcast
gw1
111
edu
ah
host8
hl
243
ln
join
198
vps1
server3
145
panel
manage
o2
214
158
host9
zj
photo
tools
av
163
host13
social
tj
box
183
smtp3
sms
dc
sd
p
nagios
share
host14
tv
cc
zeus
b2b
ns0
fj
server01
255
www4
mysql
partner
sx
meet
content
sts
pbx
xz
db1
189
vip
mx6
music
lo0
corp
hermes
v
tickets
careers
sftp
master
mta2
srv01
survey
mars
stg
spam
ms
cdn1
status
yn
vpn1
ha
dashboard
gz
web3
pt
irc
posta
ns5
jx
catalog
securemail
ww2
sandbox
staff
jl
103
nl
110
radio
host12
intra
mail6
em
bound
core
rt
oa
a1
bc
xj
account
jupiter
pc1
register
monitoring
lab
sites
view
ldap
business
games
mercury
dl
game
g
stream
wordpress
mx02
pc2
225
nx
162
bcast
style
228
srv2
lib
atlas
x
105
forms
r
w
upload
storage
lyncdiscover
facebook
orion
preview
marketing
m1
partners
calendar
elearning
venus
gw2
in
cdn2
stat
linux
book
erp
ww
english
pc3
conference
hb
qh
file
pay
web02
noc
fw1
12
feeds
lw
c1
list
q
mc
ftp2
customer
intern
bb
job
pluto
sync
oc
ns01
nm
sbs
code
signup
ec
pc4
eng
dns3
apollo
css
order
tech
lync
mail7
travel
fc
phoenix
nat
internal
mx10
local
hr
confluence
pro
link
public
resources
directory
sg
s4
a2
id
sklep
hq
gis
pl
ac
preprod
b1
ar
cas
project
vdi
server4
work
sales
ra
vm
a3
cd
sentry
d1
v2
ex
mailout
map
db2
pc5
mail10
im
design
smtp4
dd
f1
cf
l
saturn
booking
research
idp
mta3
speedtest
webconf
track
test2
maps
club
w3
3g
h
be
auto
desktop
k
int
u
vm1
titan
doc
vps2
eu
lms
c2
m2
lb
251
user
play
china
e1
control
time
st
img1
jenkins
app1
testing
ds
au
test1
do
transfer
portfolio
shopping
alumni
a4
smtp01
ce
free
finance
zabbix
e0
reservations
pc6
d2
tr
ns6
z
learn
edge
j
thor
cache
a5
downloads
student
labs
bd
b2
mailgw
tracker
traveler
webmail2
ps
system
n
baijiale
videos
host20
host15
ae
servidor
mx0
ee
sql
virtual
team
athena
web4
dialin
se
pm
cb
myaccount
c3
aa
ns02
host17
kb
ag
a6
update
as
payment
ir
img2
f2
s5
orders
galleries
ticket
mta4
a7
hub
sw1
delta
promo
pc
affiliate
users
webservices
health
redirect
host18
cgi
rdp
webapps
host19
payments
bocaiwang
terminal
com
console
mx8
ba
co
pm04-1
fa
aws
rss
node1
mail8
radius
global
d4
pm03-1
rd
sa
ip2
host16
ttyulecheng
accounts
ab
apply
mirror
d3
mx7
about
host22
adm
b3
host21
host23
c4
a0
o
manager
d7
art
red
cacti
ea
mm
tracking
mail03
taiyangchengyulecheng
server5
mailing
campus
hwmaint
f3
v1
jabber
meeting
webshop
csg
w1
security
host26
is
mta5
d5
blue
sports
school
corporate
streaming
ws1
iris
ip1
checkout
pages
ed
br
af
3d
fe
d6
pic
one
domains
y
e3
chef
affiliates
r1
mon
contact
dev2
s0
bi
sun
res
powerschool
corp
class
web
local
news
cp
fr
top100
games
info
mail
dev
ku1720
grc2go
server1
music
xroads
k3
k4
content
pay
infolab
prof
cse
support
inst
webmail
univ
symposium
bip
u
acp
pup
slovari
bookmarks
help
union
s
com
up
uni
order
contributor
tribunale
e
resume
ac
ff
h7
h4
www-personal
ww5
manager
iimahd
rootsweb
informatik
rr
tvoy-start
st
dge
turismo
office
karen
wowlbjgold
econ
profile
kuratorium
am
cc
radio
portal
bbs
astro
task
arpa
edu
kantor
platea
ww3
yamabuki
opera
www2q
www2b
www2m
www5e
csse
ids
phys
services
cis
hcs
ae
science
media
vps4579
woman
member
k
honda
ue
marseille
paygo
shop
park1
suisen
tuan
archidiecezja
machi
fantastyka
hyundai
ordineavvocati
roundtable
manage
penzahosp3
xxx
store
plaza
lunion
wowgoldqqlove
haruka
dell
retecivica
ab
ar
seo
moto
d2
d3
f2
h5
www-cs-students
fukko-jutaku
ko
komunikacja
lab
ns1
accounts
v
zeus
printingray
static
bto
aeroporto
event
uavto
gorod
man
stats
active
vsv1963
share
newmedia
resources
video
start
justice
mzk
wup
personal
zamiatarki
beta
pref
prepaid
kino
sms
f3
hd
is
jingyan
airport
consiglioregionale
misto
po
tv
w2
doc
bangpai
immigration
poczta
atv
ztm
tools
cpanel
stp
piast
andreysaliy
dia
track
oke
ecole
intl
leonardo
park14
park16
communaute
arnolddepauw
customs
beehive
thedissertations
s7
partner
blue
pks
platform
newspaperswriting
yellow
uml
love
data
ling
p
fa
servicefunctions
buzz
ruf
cdn
confixx
it
id
cs2-dallas
students
blogger4you
wenzhou
design
subscribe
s6
open
ts
th
szkoly
w8
welcome
domain
56casino
archives
members5
vip
server2
fas
online
edukacja
phy
tuvanseoonline
lvyou
dis
doggy
userpages
wsb
b
chiark
wotskins
checkip
itolab
geraldine
jan
cms
sc
freespace
education
zinbun
katakuri
mmg
top
yuzuriha
ycf
translate
dashboard
memeadictos
shd
directory
sylwester
user1
almez
edit
www1b
life
bccs
openmx
kisc
mailchimp
www15t
mail2
audio
go
jhakasseo
auto
net
isc
ford
ajisai
files
einstein
km
edutech
eglwysnewyddprm
mazda
mazda
wilsonsschool
om
ok
car
sk
kmlinux
tr
ta
anaffordablewardrobe
cgi2
software
woodlands-junior
superlinks
wap
okinny
kedrovy
chevrolet
demo
www2r
www2a
www2j
homotography
m
contrib
k-chf
chiddingstone
xiaxue
flesler
iie
autonovita
seri
auctions
kurims
www2k
cameronmoll
research-paper-writing
myweb
members4
gratuit
cardinalnewman
wowgamegold
llanishen
dudijaya
ayoobbbb
greenbank
biz
roble
studftp
csie
faq
sagisou
deals
elgar
targi
usenet
want
sovs
gubhugreyot
feeling
remontiruy
ird
huaying004
cinema-em-casa
hac
makeevka
gadjet
megaton35
adikosiak
mbc
saytzaedu
polsl
supercapitall
environnement-lanconnais
osk
licey344
buzzhook
atac
oldskola1
redpass
progs
educacionvirtual
rzg
visnyk
phallologia
cariforef-mp
bmw07
servusbud
rushill07
scc
more
30stan
meha
vneklassa
gfp
operation
proste
artea
playteens
petrovichclub
soundmaster
kture
vkysno
studylink
serial-on
excss
termomat
paintball
mefatiel
focus-sport
rsch
housemd
sunart
allnupogodi
wced
ffbridge
kpolyakov
park18
park17
studio-alexander
erg
justika
divanos
gazzaspace
runo
dhpreview
forteapache
arsini2010
xost
varikoz
irma
hemma
maximum21
impreza
fbf
vvv-voda
f5
viii-lo
bit-torrent
rg4u
it-buh
nove
bacaansex
kinovam
workandincome
autozaz
baito
w-sieci
wfiles
hve
city-tv
restoran-piter
amf
psy
amt
registry
udppc
puz
pwo20100
yellowpages
tvoj
shram
gornik
31daarmada
tfd
clusif
arka
velocity
kaivg
freeprogs
mev-by
007
901publicitarias
sv1
zegarki
celebridadesanu
isac
irep
armor
trava
ngo
bogbon-59
granat
newzealandnow
cngof
i-pro
uugamer
med
wakeboard
reklama
1001passatempos
johnson-sport
marie
o-lysenko1
presta
biometria
aratta
bookseller
dear
pereval
vecherniy
aquamir
www-ime
cge
apteka2005
lsi
blografando
police
monitor
renouveau
alhittin
lu4wenebyvaet
treasury
hunyadi
sondakikahaberleri
cemea
waikatoregion
granit
jerusalem
energywise
glemal
kitaphane
gm
fwp
comfort
fudosan
ban
anime-tmp
exsolver
baixa-perfect
karnet
talent
ramat-gan
opinie
electionresults
internetine-tv
teleos
horna
vdv
provincialavoro
hotels24
a-nomalia
minisubs
online-red
puls
concours
gmb
srv109
mazury
getbusinesscashadvance
autoclub
echecs
jaehogim
img
lezgimp3
nnpcto-maykop
freshnewspaperswriting
verybestservice
efaculty
adhb
evartist
mitsubishi-motors
taizhou
officialmagicpg
n
shellystarzz
fanultra
rol
conseil-national
profesjonal
konie
musiclife
inform
eurzad
dunedin
interesniy
svadba
goldpages
spaces
sauce
casp
status
mesta
biznet
ausl
getsmallbusinessloans
propertytribes
edgarcaysi
sug
vkabinete
irporoje
pcz
biuletyn
king
kina
ama2
aroos1
klub
2108
dozor
smartsoft
rakitskaja2011
nice
castellammare-di-stabia
eslivamnravitsa
parfyonov-vlad
ekomissionka
apt
api
apf
www-cs-faculty
swetasar
clic
cracovia
muzeum
stroyopt
atlant-m
publicitate
novaoutburst
onlinefun
greatkir
bifigor
zdmikp
lazarewlw
mirex
dsu
dsc
artdeco
tammby
victoria
ipsi
0day
horo-2012
best
lamar
soccertv
prblog
okra
panorama
unipune
mblog
gustav-lap
tertuliabenfiquista
agenziamobilita
ramochky
wisla
misbourne
thepoem
lenagold
progylka
laguna
wunderwaffe
ap
immobilier
mozdocs
city-adm
faceahang
okidoki
kobtv
sem
aucklandcouncil
mo-on-line
twitdat
conjohn1688
przedsiebiorczosc
fortismere
bb
bl
linz
hello
uek
dom2-online
online-news-papers-writing
emportuguescorrecto
npb
kpi
template4all
petitsfreres
mazhor
persian-music
likolife
volley
portal-erotika
oskar
dou41spb
klio-elena
d6
d7
d4
d1
guid
homepages
epi
arpat
cic-z
moje-miasto
aleph0
eks
spa
pslan
opony
promotion
slovarik
tenis
inwestycjawkadry
bookmark
nzta
nzte
zbruewa-tanya
progulka
ecan
spurgo
edeuscriouamulher
voglioscendere
yunus
mp2
mpg
hybridcars
piluli
f6
rwlib
asf
asl
zdravio
kvartal95
gayalgarve
pezachamyh
promobil
inroma
mustang
his95
natlib
fftir
gw
realty
oros
newsweek
ecf
ece
meshkov
sa-pol2010
bordeaux
web-master
dovidnyk
ulianagv
rinrin
podobovo
inner
hr
visaservices
shababzgm
vtk34
ao-meyer
vfs
mx6
lucl
okazje
domashka
shirayuki
rwh01
mck
shmitok
ic
safetravel
kobieta
fashionweek
internetparatodos
ww8
alone1
victu
flysat
bogatyryova-s
homeopatia
pine
texas
rentapartment
fotokristall
afer
roker
bagatela
esttatjana
stadion
happy-year
mosdoors
stometrovka
knigaimen
serverone
passports
doshkolenok
bishopbernardjordan
jeasona
ldiibali
orkutnetworkworld
secf
girko
jutaku
mama
host1gb
gakuen
rete
chemistry
ibdas
vechirnij
tsubame-jnr
pupuly
etud
odeon29
bella-matveeva
iimb
aromat
res
electronics
familyreviewnetwork
adanadel-1985
yarma
aleksandr-lavrukhin
creators
andes
belsmi
bub
m2
net-tv
rtvagd
aucklandtransport
series40
kwp
warez-portal
myknitting
humanite
ick
mediaportal
ksiaznica
varfkot
humorist
autoukr
bielecki
msd
egide
minedu
kresy
theory
gostyam
umcs
mariaprintingray
biosecurity
good
wbp
pestovodom
gkh-topograph
diardi
elektrischezahnbuerste
health
aucklandlibraries
edutic
ultracs
blankinew
laznya
pb
armory
pl
host2
host1
p4
sv113
btvt
georgiamada
bmyr
studylaw
cyfra
skazochki
kz
ixard
cat
ir118
caa
usa
meduniv
reseaux
wrzesnia
dynamo
enative
brain
andromeda
umka
avn
massagebagira
taroonline
mfe
fishing
panther
zditm
mediaberitaindonesia
westfield-inf
mines
mfat
rescomp
php5
tutorcasa
elite-home
benfica-world-order
rd
dizajio
scorp12on
outrosentido
zikit
otdelochnik
electro
bordighera
geisha
planeta-imen
bestgif
enyo
modele
twistairclub
o-dubina2011
sf
sd
prosperitytribe
city
cite
mini-saia
rhumatologie
ginecolog
wsyachina
kurniasepta
nik-shumilin
sports992
mass
tu
panfilat-na
anrt
uffizi
alwhadneh
www-app
salute
sanata
psicolaranja
roza-stiopina
banner
cra
knowing
extreme
aloha
d
lisbonescort
preventionroutiere
frecklednest
happytext
ui
rbnz
upma
publications
csua
paws
girls-go
darina
salmanmusic
kinopalace
thequeerofallmedia
map-site
dbh
cotrisal
uct
essca
vp
rooms
itrans
rcscomponents
poleshift
unick
herbalvaporizersvapir
saulovalley
makecookingeasier
gri2971
kody
s4j
cs-strikez
medicina
anan
seva-blog
homeinformationpacks
ording
w4
wm
uohyd
wz
dlafirmy
bio-lavka
board
rubenkings
pwraisehell
iisc
bieganie
consultoriodemoda
serbal
ip-192com
prova
europosud
1az4
toulouse
anna-luiza
apteki
znakomstva
ifn
cinematograficamentefalando
ffi
nutritionist
artkavun
gdziejestem
izba-skarbowa
joinup
tuniv
renault-club
zdorovie
arsdentica
konstanta
tadj
umoloda
roboseyo
tekstil
cral
greenfam
spot
postegypt
veselov
userweb
wcape
uniraj
rabota
twilightportugal
ultima
henricartoon
uitg
e-reklama
akwen
resto
moskoviafest
avironfrance
city-market
iser
meritum
featured
netnotes
newzealand
dmitrykrasnoukhov
dol
voyage
kufm
fne
corta-fitas
fotografia
shturman
zvuki-tut
montepulciano
insolvency
paralife
freemarket
mediainformasiindonesia
makeup
thisizgame
pitchit
rock
skartsoff
fckarpaty
keramo
wellington
kurilko
cisterna-di-latina
grottaferrata
yachtclub
pyramidin
two
platjat
zdrowo
kalinovsky-k
instruktor
sbb
knajpy
forum-laptopy
slando
pmieducation
ufn
ufa
nsp
kokopelli
tezu
karmastock
nzqa
cera
uczelnie
rev1
jugular
mim
mig
park3
control2
userwww
unarc
adt
ads
adf
kurufin
rci
denisovets
zus-l4
iitg
iitd
iitr
seobabys
dslov
cls
tourist
tourism
affiliate
eqc
www-nspmalyshau
onlinegames
kulturystyka
artzentr
lepestok
warlords-wl
alarme
5t
lampa
civil
xn--80akozv
llk
kwadrat
series60
1
oustad
parafia
adigital
decoracaoeideias
ideas
riograppling
myfhology
letaushieribi
optima
stg-public
all
angrybirds
websites
scriptic
persbaglio
xfire-hac
estav-nordovest
parts
4files
wla
dino
fcdynamo
nantes
davidbrin
capodanno
diamant
ylw
qing
latribuna
edp
poshlo
freedom
delitodeopiniao
vieillescharrues
ipod
ffmc
mally
gets
maritimenz
imprezowy
minigames
unix
noksfishes
genpas
essahafa
telecom
elenavalerymagic
webservis
julietta666891
lesson-history
juwenalia
dualsim
loverclub
busy
foss
wikipedia
html-pedia
groupon
vustudents
ladlav
aucklandcity
lab4students
medsafe
vsesdelki
salarshohada
w001
holliday
droit
pogadaem-online
galilea
ogloszenia
maraton
magazin-oriflame
czesci
tca77
sar
pages
teara
hyperion
mediatheek
comp
jobs
doma
domy
enbv
mozaik
palazzoducale
ukma
50kopeek
oscommerce
ciampino
robozarabotok
power-point-ppt
newmyway
rowdy
itv
its
dat
web34
orda2000
konkurs032
gurova-vika2011
palomnik
scottish
rda
falcon
irandl
www-rohan
wuzzy
odg
rdm
kris-dostavka
fonegallery
biblia
temp21
kateallen
northshorecity
staroverov
tiida
gandalf
tsparta
momsparkmedia
fc-druzhba
almaty-metro
bt
tepapa
hyaenidae
empowernetworkdreamteam
cm-uj
freeware
r-studio
ecee
rabotnik
embomportugues
ccssu
sappoll
perfectsingles
dsw
meget
belopolye
wilwheaton
portalegiovani
help-html-css
legislation
gymkhana
ira-tevs
muzotkrytka
sviluppo
iponz
djvu-soft
snte17
konkursy
cinsel
zaz
arehn
wcl
7days
uupn
evrazia
cco
astroclub
ccc
cook-book
business
area
daily1cash
sesm-01
anatoly70
hardrockcafe
fbk360
stu
free-soft
pauparatodaaobra
alpha
ntu-kpi
linux
ide
infa
utm
widowmaker
napisy
crlim
exito
lumensolution
inoyan
yepanoff
prawo-jazdy
fryzury
kanikuli-v-meksike
naiau
damonsalvatore1988
chernyshov
joomla15
otvaga2004
violity
awf
haifa
on-dom2
computer
metropoliten
group
yourbaby
community-builder
super-gladcenko
yasirimran
price-list
hosting
clarino2
kreschatic
lunatictree
sv114
sevgi
afif
afic
uzelok
adelchess
zagran
tvsh2004
sait
kazdytozna
stgetman
zooapteka
alltiande
statuetka
pers
fly
u2984
mobilewallpapers
livina
dnews
viacredi
coins2001
zooey
ldeo
mart
doctor
pam
zaluzje
cfilt
careers
moh
inetbiznes
ledcraft
white55
voxfree
hkgadv
a-24
wse
wsd
wsp
myguitar1
univer
csi
porto
smaik1
chanel1989iris
accademiadibrera
zanimatika
iitkgp
odzywianie
onlinenewspaperswriting
pontifex
copyisteria
internetenok
alumnus
mylinux
gortransport
protein174
opencart
hilbert
el-cap
gallup
ulss20
credifiesc
d9
ellanodikes
linex
slowacki
seiga
oreno
day
extm
garri-potterr
franko
carnevale
ottokiev
kamakura
homes
network-marketing
gazeta
vizit
govorit
demax
paris
rzhom
inscription
365verzen
free
kinder
inowroclaw
amlfybokra
curie
fantazzini
ocf
gogo
ligue-cancer
mesamarcada
sarkofrance
cnc
viva
rusgram
shkola-zloby
anime
qs
bks
telewizja
budstroy
lnl
csis
tu-exitomiexito
ourbacklinksites
shops
rsnd-kvn
celebrut
iucaa
oriflame2005
faf
zhovten-kino
drevo-folk
